[     444ms] [ERROR] A tree hydrated but some attributes of the server rendered HTML didn't match the client properties. This won't be patched up. This can happen if a SSR-ed Client Component used:

- A server/client branch `if (typeof window !== 'undefined')`.
- Variable input such as `Date.now()` or `Math.random()` which changes each time it's called.
- Date formatting in a user's locale which doesn't match the server.
- External changing data without sending a snapshot of it along with the HTML.
- Invalid HTML tag nesting.

It can also happen if the client has a browser extension installed which messes with the HTML before React loaded.

%s%s https://react.dev/link/hydration-mismatch 

  ...
    <ErrorBoundary errorComponent={undefined} errorStyles={undefined} errorScripts={undefined}>
      <LoadingBoundary name="/" loading={null}>
        <HTTPAccessFallbackBoundary notFound={<SegmentViewNode>} forbidden={undefined} unauthorized={undefined}>
          <HTTPAccessFallbackErrorBoundary pathname="/" notFound={<SegmentViewNode>} forbidden={undefined} ...>
            <RedirectBoundary>
              <RedirectErrorBoundary router={{...}}>
                <InnerLayoutRouter url="/" tree={[...]} params={{}} cacheNode={{rsc:<Fragment>, ...}} segmentPath={[...]} ...>
                  <SegmentViewNode type="page" pagePath="page.tsx">
                    <SegmentTrieNode>
                    <Home>
                      <HomeClient>
                        <main className="relative m...">
                          <header>
                          <div className="flex-1 fle...">
                            <div>
                            <div className="flex items...">
                              <ProjectDock onProjectClick={function bound dispatchSetState}>
                                <div
                                  ref={{current:null}}
                                  className="flex flex-col items-end h-full"
                                  style={{
+                                   gap: 8
+                                   overflow: "visible"
-                                   row-gap: "10px"
-                                   column-gap: "10px"
-                                   overflow-x: "visible"
-                                   overflow-y: "visible"
                                  }}
                                  onMouseEnter={function onMouseEnter}
                                  onMouseMove={function onMouseMove}
                                  onMouseLeave={function onMouseLeave}
                                >
                                  <motion.div animate={{scale:1,y:0}} transition={{type:"spring", ...}} ...>
                                    <div
                                      onClick={function onClick}
                                      style={{
+                                       width: 84
-                                       width: "80px"
+                                       height: 84
-                                       height: "80px"
+                                       transformOrigin: "right center"
+                                       flexShrink: 0
+                                       cursor: "pointer"
-                                       cursor: "pointer"
+                                       borderRadius: 14
+                                       overflow: "hidden"
-                                       transform-origin: "right center"
-                                       flex-shrink: "0"
-                                       border-top-left-radius: "13px"
-                                       border-top-right-radius: "13px"
-                                       border-bottom-right-radius: "13px"
-                                       border-bottom-left-radius: "13px"
-                                       overflow-x: "hidden"
-                                       overflow-y: "hidden"
                                      }}
                                      ref={function useMotionRef.useCallback}
                                    >
                                  <motion.div animate={{scale:1,y:0}} transition={{type:"spring", ...}} ...>
                                    <div
                                      onClick={function onClick}
                                      style={{
+                                       width: 84
-                                       width: "80px"
+                                       height: 84
-                                       height: "80px"
+                                       transformOrigin: "right center"
+                                       flexShrink: 0
+                                       cursor: "pointer"
-                                       cursor: "pointer"
+                                       borderRadius: 14
+                                       overflow: "hidden"
-                                       transform-origin: "right center"
-                                       flex-shrink: "0"
-                                       border-top-left-radius: "13px"
-                                       border-top-right-radius: "13px"
-                                       border-bottom-right-radius: "13px"
-                                       border-bottom-left-radius: "13px"
-                                       overflow-x: "hidden"
-                                       overflow-y: "hidden"
                                      }}
                                      ref={function useMotionRef.useCallback}
                                    >
                                  <motion.div animate={{scale:1,y:0}} transition={{type:"spring", ...}} ...>
                                    <div
                                      onClick={function onClick}
                                      style={{
+                                       width: 84
-                                       width: "80px"
+                                       height: 84
-                                       height: "80px"
+                                       transformOrigin: "right center"
+                                       flexShrink: 0
+                                       cursor: "pointer"
-                                       cursor: "pointer"
+                                       borderRadius: 14
+                                       overflow: "hidden"
-                                       transform-origin: "right center"
-                                       flex-shrink: "0"
-                                       border-top-left-radius: "13px"
-                                       border-top-right-radius: "13px"
-                                       border-bottom-right-radius: "13px"
-                                       border-bottom-left-radius: "13px"
-                                       overflow-x: "hidden"
-                                       overflow-y: "hidden"
                                      }}
                                      ref={function useMotionRef.useCallback}
                                    >
                                  <motion.div animate={{scale:1,y:0}} transition={{type:"spring", ...}} ...>
                                    <div
                                      onClick={function onClick}
                                      style={{
+                                       width: 84
-                                       width: "80px"
+                                       height: 84
-                                       height: "80px"
+                                       transformOrigin: "right center"
+                                       flexShrink: 0
+                                       cursor: "pointer"
-                                       cursor: "pointer"
+                                       borderRadius: 14
+                                       overflow: "hidden"
-                                       transform-origin: "right center"
-                                       flex-shrink: "0"
-                                       border-top-left-radius: "13px"
-                                       border-top-right-radius: "13px"
-                                       border-bottom-right-radius: "13px"
-                                       border-bottom-left-radius: "13px"
-                                       overflow-x: "hidden"
-                                       overflow-y: "hidden"
                                      }}
                                      ref={function useMotionRef.useCallback}
                                    >
                                  <motion.div animate={{scale:1,y:0}} transition={{type:"spring", ...}} ...>
                                    <div
                                      onClick={function onClick}
                                      style={{
+                                       width: 84
-                                       width: "80px"
+                                       height: 84
-                                       height: "80px"
+                                       transformOrigin: "right center"
+                                       flexShrink: 0
+                                       cursor: "pointer"
-                                       cursor: "pointer"
+                                       borderRadius: 14
+                                       overflow: "hidden"
-                                       transform-origin: "right center"
-                                       flex-shrink: "0"
-                                       border-top-left-radius: "13px"
-                                       border-top-right-radius: "13px"
-                                       border-bottom-right-radius: "13px"
-                                       border-bottom-left-radius: "13px"
-                                       overflow-x: "hidden"
-                                       overflow-y: "hidden"
                                      }}
                                      ref={function useMotionRef.useCallback}
                                    >
                                  <motion.div animate={{scale:1,y:0}} transition={{type:"spring", ...}} ...>
                                    <div
                                      onClick={function onClick}
                                      style={{
+                                       width: 84
-                                       width: "80px"
+                                       height: 84
-                                       height: "80px"
+                                       transformOrigin: "right center"
+                                       flexShrink: 0
+                                       cursor: "pointer"
-                                       cursor: "pointer"
+                                       borderRadius: 14
+                                       overflow: "hidden"
-                                       transform-origin: "right center"
-                                       flex-shrink: "0"
-                                       border-top-left-radius: "13px"
-                                       border-top-right-radius: "13px"
-                                       border-bottom-right-radius: "13px"
-                                       border-bottom-left-radius: "13px"
-                                       overflow-x: "hidden"
-                                       overflow-y: "hidden"
                                      }}
                                      ref={function useMotionRef.useCallback}
                                    >
                                  <motion.div animate={{scale:1,y:0}} transition={{type:"spring", ...}} ...>
                                    <div
                                      onClick={function onClick}
                                      style={{
+                                       width: 84
-                                       width: "80px"
+                                       height: 84
-                                       height: "80px"
+                                       transformOrigin: "right center"
+                                       flexShrink: 0
+                                       cursor: "pointer"
-                                       cursor: "pointer"
+                                       borderRadius: 14
+                                       overflow: "hidden"
-                                       transform-origin: "right center"
-                                       flex-shrink: "0"
-                                       border-top-left-radius: "13px"
-                                       border-top-right-radius: "13px"
-                                       border-bottom-right-radius: "13px"
-                                       border-bottom-left-radius: "13px"
-                                       overflow-x: "hidden"
-                                       overflow-y: "hidden"
                                      }}
                                      ref={function useMotionRef.useCallback}
                                    >
                                  <motion.div animate={{scale:1,y:0}} transition={{type:"spring", ...}} ...>
                                    <div
                                      onClick={function onClick}
                                      style={{
+                                       width: 84
-                                       width: "80px"
+                                       height: 84
-                                       height: "80px"
+                                       transformOrigin: "right center"
+                                       flexShrink: 0
+                                       cursor: "pointer"
-                                       cursor: "pointer"
+                                       borderRadius: 14
+                                       overflow: "hidden"
-                                       transform-origin: "right center"
-                                       flex-shrink: "0"
-                                       border-top-left-radius: "13px"
-                                       border-top-right-radius: "13px"
-                                       border-bottom-right-radius: "13px"
-                                       border-bottom-left-radius: "13px"
-                                       overflow-x: "hidden"
-                                       overflow-y: "hidden"
                                      }}
                                      ref={function useMotionRef.useCallback}
                                    >
                          ...
                        ...
                  ...
                ...
 @ http://localhost:3000/_next/static/chunks/node_modules_next_dist_f3530cac._.js:3127
[     460ms] [ERROR] Failed to load resource: the server responded with a status of 404 (Not Found) @ http://localhost:3000/favicon.ico:0
[  110101ms] ReferenceError: useEffect is not defined
    at HomeClient (http://localhost:3000/_next/static/chunks/app_22e15f2b._.js?id=%255Bproject%255D%252Fapp%252Fcomponents%252Fui%252FHomeClient.tsx+%255Bapp-client%255D+%2528ecmascript%2529:76:5)
    at Object.react_stack_bottom_frame (http://localhost:3000/_next/static/chunks/node_modules_next_dist_compiled_react-dom_1e674e59._.js:14826:24)
    at renderWithHooks (http://localhost:3000/_next/static/chunks/node_modules_next_dist_compiled_react-dom_1e674e59._.js:4651:24)
    at updateFunctionComponent (http://localhost:3000/_next/static/chunks/node_modules_next_dist_compiled_react-dom_1e674e59._.js:6112:21)
    at beginWork (http://localhost:3000/_next/static/chunks/node_modules_next_dist_compiled_react-dom_1e674e59._.js:6708:24)
    at runWithFiberInDEV (http://localhost:3000/_next/static/chunks/node_modules_next_dist_compiled_react-dom_1e674e59._.js:965:74)
    at performUnitOfWork (http://localhost:3000/_next/static/chunks/node_modules_next_dist_compiled_react-dom_1e674e59._.js:9562:97)
    at workLoopSync (http://localhost:3000/_next/static/chunks/node_modules_next_dist_compiled_react-dom_1e674e59._.js:9456:40)
    at renderRootSync (http://localhost:3000/_next/static/chunks/node_modules_next_dist_compiled_react-dom_1e674e59._.js:9440:13)
    at performWorkOnRoot (http://localhost:3000/_next/static/chunks/node_modules_next_dist_compiled_react-dom_1e674e59._.js:9105:47)
    at performSyncWorkOnRoot (http://localhost:3000/_next/static/chunks/node_modules_next_dist_compiled_react-dom_1e674e59._.js:10238:9)
    at flushSyncWorkAcrossRoots_impl (http://localhost:3000/_next/static/chunks/node_modules_next_dist_compiled_react-dom_1e674e59._.js:10154:316)
    at flushSyncWork$1 (http://localhost:3000/_next/static/chunks/node_modules_next_dist_compiled_react-dom_1e674e59._.js:9237:86)
    at Object.scheduleRefresh (http://localhost:3000/_next/static/chunks/node_modules_next_dist_compiled_react-dom_1e674e59._.js:299:13)
    at http://localhost:3000/_next/static/chunks/node_modules_next_dist_compiled_a0e4c7b4._.js:391:33
    at Set.forEach (<anonymous>)
    at Object.performReactRefresh (http://localhost:3000/_next/static/chunks/node_modules_next_dist_compiled_a0e4c7b4._.js:384:38)
    at applyUpdate (http://localhost:3000/_next/static/chunks/node_modules_next_dist_compiled_a0e4c7b4._.js:878:31)
    at http://localhost:3000/_next/static/chunks/node_modules_next_dist_compiled_a0e4c7b4._.js:886:13
[  114969ms] [WARNING] [Fast Refresh] performing full reload because your application had an unrecoverable error @ http://localhost:3000/_next/static/chunks/node_modules_next_dist_f3530cac._.js:2297
[  115036ms] ReferenceError: useEffect is not defined
    at HomeClient (http://localhost:3000/_next/static/chunks/app_22e15f2b._.js?id=%255Bproject%255D%252Fapp%252Fcomponents%252Fui%252FHomeClient.tsx+%255Bapp-client%255D+%2528ecmascript%2529:76:5)
    at Object.react_stack_bottom_frame (http://localhost:3000/_next/static/chunks/node_modules_next_dist_compiled_react-dom_1e674e59._.js:14826:24)
    at renderWithHooks (http://localhost:3000/_next/static/chunks/node_modules_next_dist_compiled_react-dom_1e674e59._.js:4651:24)
    at updateFunctionComponent (http://localhost:3000/_next/static/chunks/node_modules_next_dist_compiled_react-dom_1e674e59._.js:6112:21)
    at beginWork (http://localhost:3000/_next/static/chunks/node_modules_next_dist_compiled_react-dom_1e674e59._.js:6687:639)
    at runWithFiberInDEV (http://localhost:3000/_next/static/chunks/node_modules_next_dist_compiled_react-dom_1e674e59._.js:965:74)
    at performUnitOfWork (http://localhost:3000/_next/static/chunks/node_modules_next_dist_compiled_react-dom_1e674e59._.js:9562:97)
    at workLoopSync (http://localhost:3000/_next/static/chunks/node_modules_next_dist_compiled_react-dom_1e674e59._.js:9456:40)
    at renderRootSync (http://localhost:3000/_next/static/chunks/node_modules_next_dist_compiled_react-dom_1e674e59._.js:9440:13)
    at performWorkOnRoot (http://localhost:3000/_next/static/chunks/node_modules_next_dist_compiled_react-dom_1e674e59._.js:9105:47)
    at performSyncWorkOnRoot (http://localhost:3000/_next/static/chunks/node_modules_next_dist_compiled_react-dom_1e674e59._.js:10238:9)
    at flushSyncWorkAcrossRoots_impl (http://localhost:3000/_next/static/chunks/node_modules_next_dist_compiled_react-dom_1e674e59._.js:10154:316)
    at flushSyncWork$1 (http://localhost:3000/_next/static/chunks/node_modules_next_dist_compiled_react-dom_1e674e59._.js:9237:86)
    at Object.scheduleRefresh (http://localhost:3000/_next/static/chunks/node_modules_next_dist_compiled_react-dom_1e674e59._.js:299:13)
    at http://localhost:3000/_next/static/chunks/node_modules_next_dist_compiled_a0e4c7b4._.js:391:33
    at Set.forEach (<anonymous>)
    at Object.performReactRefresh (http://localhost:3000/_next/static/chunks/node_modules_next_dist_compiled_a0e4c7b4._.js:384:38)
    at applyUpdate (http://localhost:3000/_next/static/chunks/node_modules_next_dist_compiled_a0e4c7b4._.js:878:31)
    at http://localhost:3000/_next/static/chunks/node_modules_next_dist_compiled_a0e4c7b4._.js:886:13
[  115242ms] [ERROR] Failed to load resource: the server responded with a status of 500 (Internal Server Error) @ http://localhost:3000/:0
[  115472ms] ReferenceError: useEffect is not defined
    at HomeClient (http://localhost:3000/_next/static/chunks/app_22e15f2b._.js:489:5)
    at Object.react_stack_bottom_frame (http://localhost:3000/_next/static/chunks/node_modules_next_dist_compiled_react-dom_1e674e59._.js:14826:24)
    at renderWithHooks (http://localhost:3000/_next/static/chunks/node_modules_next_dist_compiled_react-dom_1e674e59._.js:4651:24)
    at updateFunctionComponent (http://localhost:3000/_next/static/chunks/node_modules_next_dist_compiled_react-dom_1e674e59._.js:6112:21)
    at beginWork (http://localhost:3000/_next/static/chunks/node_modules_next_dist_compiled_react-dom_1e674e59._.js:6687:639)
    at runWithFiberInDEV (http://localhost:3000/_next/static/chunks/node_modules_next_dist_compiled_react-dom_1e674e59._.js:965:74)
    at performUnitOfWork (http://localhost:3000/_next/static/chunks/node_modules_next_dist_compiled_react-dom_1e674e59._.js:9562:97)
    at workLoopSync (http://localhost:3000/_next/static/chunks/node_modules_next_dist_compiled_react-dom_1e674e59._.js:9456:40)
    at renderRootSync (http://localhost:3000/_next/static/chunks/node_modules_next_dist_compiled_react-dom_1e674e59._.js:9440:13)
    at performWorkOnRoot (http://localhost:3000/_next/static/chunks/node_modules_next_dist_compiled_react-dom_1e674e59._.js:9105:47)
    at performWorkOnRootViaSchedulerTask (http://localhost:3000/_next/static/chunks/node_modules_next_dist_compiled_react-dom_1e674e59._.js:10230:9)
    at MessagePort.performWorkUntilDeadline (http://localhost:3000/_next/static/chunks/node_modules_next_dist_compiled_a0e4c7b4._.js:2647:64)
[  118438ms] [WARNING] The resource http://localhost:3000/_next/static/chunks/app_globals_71f961d1.css was preloaded using link preload but not used within a few seconds from the window's load event. Please make sure it has an appropriate `as` value and it is preloaded intentionally. @ http://localhost:3000/:0
[  118638ms] [WARNING] [Fast Refresh] performing full reload because your application had an unrecoverable error @ http://localhost:3000/_next/static/chunks/node_modules_next_dist_f3530cac._.js:2297
[  119130ms] [ERROR] A tree hydrated but some attributes of the server rendered HTML didn't match the client properties. This won't be patched up. This can happen if a SSR-ed Client Component used:

- A server/client branch `if (typeof window !== 'undefined')`.
- Variable input such as `Date.now()` or `Math.random()` which changes each time it's called.
- Date formatting in a user's locale which doesn't match the server.
- External changing data without sending a snapshot of it along with the HTML.
- Invalid HTML tag nesting.

It can also happen if the client has a browser extension installed which messes with the HTML before React loaded.

%s%s https://react.dev/link/hydration-mismatch 

  ...
    <ErrorBoundary errorComponent={undefined} errorStyles={undefined} errorScripts={undefined}>
      <LoadingBoundary name="/" loading={null}>
        <HTTPAccessFallbackBoundary notFound={<SegmentViewNode>} forbidden={undefined} unauthorized={undefined}>
          <HTTPAccessFallbackErrorBoundary pathname="/" notFound={<SegmentViewNode>} forbidden={undefined} ...>
            <RedirectBoundary>
              <RedirectErrorBoundary router={{...}}>
                <InnerLayoutRouter url="/" tree={[...]} params={{}} cacheNode={{rsc:<Fragment>, ...}} segmentPath={[...]} ...>
                  <SegmentViewNode type="page" pagePath="page.tsx">
                    <SegmentTrieNode>
                    <Home>
                      <HomeClient>
                        <main className="relative m...">
                          <header>
                          <div className="flex-1 fle...">
                            <div>
                            <div ref={{current:null}} className="flex items...">
                              <ProjectDock onProjectClick={function bound dispatchSetState} availableHeight={0}>
                                <div
                                  ref={{current:null}}
                                  className="flex flex-col items-end h-full"
                                  style={{
+                                   gap: 8
+                                   overflow: "visible"
-                                   row-gap: "10px"
-                                   column-gap: "10px"
-                                   overflow-x: "visible"
-                                   overflow-y: "visible"
                                  }}
                                  onMouseEnter={function onMouseEnter}
                                  onMouseMove={function onMouseMove}
                                  onMouseLeave={function onMouseLeave}
                                >
                                  <motion.div animate={{scale:1,y:0}} transition={{type:"spring", ...}} ...>
                                    <div
                                      onClick={function onClick}
                                      style={{
+                                       width: 84
-                                       width: "80px"
+                                       height: 84
-                                       height: "80px"
+                                       transformOrigin: "right center"
+                                       flexShrink: 0
+                                       cursor: "pointer"
-                                       cursor: "pointer"
+                                       borderRadius: 14
+                                       overflow: "hidden"
-                                       transform-origin: "right center"
-                                       flex-shrink: "0"
-                                       border-top-left-radius: "13px"
-                                       border-top-right-radius: "13px"
-                                       border-bottom-right-radius: "13px"
-                                       border-bottom-left-radius: "13px"
-                                       overflow-x: "hidden"
-                                       overflow-y: "hidden"
                                      }}
                                      ref={function useMotionRef.useCallback}
                                    >
                                  <motion.div animate={{scale:1,y:0}} transition={{type:"spring", ...}} ...>
                                    <div
                                      onClick={function onClick}
                                      style={{
+                                       width: 84
-                                       width: "80px"
+                                       height: 84
-                                       height: "80px"
+                                       transformOrigin: "right center"
+                                       flexShrink: 0
+                                       cursor: "pointer"
-                                       cursor: "pointer"
+                                       borderRadius: 14
+                                       overflow: "hidden"
-                                       transform-origin: "right center"
-                                       flex-shrink: "0"
-                                       border-top-left-radius: "13px"
-                                       border-top-right-radius: "13px"
-                                       border-bottom-right-radius: "13px"
-                                       border-bottom-left-radius: "13px"
-                                       overflow-x: "hidden"
-                                       overflow-y: "hidden"
                                      }}
                                      ref={function useMotionRef.useCallback}
                                    >
                                  <motion.div animate={{scale:1,y:0}} transition={{type:"spring", ...}} ...>
                                    <div
                                      onClick={function onClick}
                                      style={{
+                                       width: 84
-                                       width: "80px"
+                                       height: 84
-                                       height: "80px"
+                                       transformOrigin: "right center"
+                                       flexShrink: 0
+                                       cursor: "pointer"
-                                       cursor: "pointer"
+                                       borderRadius: 14
+                                       overflow: "hidden"
-                                       transform-origin: "right center"
-                                       flex-shrink: "0"
-                                       border-top-left-radius: "13px"
-                                       border-top-right-radius: "13px"
-                                       border-bottom-right-radius: "13px"
-                                       border-bottom-left-radius: "13px"
-                                       overflow-x: "hidden"
-                                       overflow-y: "hidden"
                                      }}
                                      ref={function useMotionRef.useCallback}
                                    >
                                  <motion.div animate={{scale:1,y:0}} transition={{type:"spring", ...}} ...>
                                    <div
                                      onClick={function onClick}
                                      style={{
+                                       width: 84
-                                       width: "80px"
+                                       height: 84
-                                       height: "80px"
+                                       transformOrigin: "right center"
+                                       flexShrink: 0
+                                       cursor: "pointer"
-                                       cursor: "pointer"
+                                       borderRadius: 14
+                                       overflow: "hidden"
-                                       transform-origin: "right center"
-                                       flex-shrink: "0"
-                                       border-top-left-radius: "13px"
-                                       border-top-right-radius: "13px"
-                                       border-bottom-right-radius: "13px"
-                                       border-bottom-left-radius: "13px"
-                                       overflow-x: "hidden"
-                                       overflow-y: "hidden"
                                      }}
                                      ref={function useMotionRef.useCallback}
                                    >
                                  <motion.div animate={{scale:1,y:0}} transition={{type:"spring", ...}} ...>
                                    <div
                                      onClick={function onClick}
                                      style={{
+                                       width: 84
-                                       width: "80px"
+                                       height: 84
-                                       height: "80px"
+                                       transformOrigin: "right center"
+                                       flexShrink: 0
+                                       cursor: "pointer"
-                                       cursor: "pointer"
+                                       borderRadius: 14
+                                       overflow: "hidden"
-                                       transform-origin: "right center"
-                                       flex-shrink: "0"
-                                       border-top-left-radius: "13px"
-                                       border-top-right-radius: "13px"
-                                       border-bottom-right-radius: "13px"
-                                       border-bottom-left-radius: "13px"
-                                       overflow-x: "hidden"
-                                       overflow-y: "hidden"
                                      }}
                                      ref={function useMotionRef.useCallback}
                                    >
                                  <motion.div animate={{scale:1,y:0}} transition={{type:"spring", ...}} ...>
                                    <div
                                      onClick={function onClick}
                                      style={{
+                                       width: 84
-                                       width: "80px"
+                                       height: 84
-                                       height: "80px"
+                                       transformOrigin: "right center"
+                                       flexShrink: 0
+                                       cursor: "pointer"
-                                       cursor: "pointer"
+                                       borderRadius: 14
+                                       overflow: "hidden"
-                                       transform-origin: "right center"
-                                       flex-shrink: "0"
-                                       border-top-left-radius: "13px"
-                                       border-top-right-radius: "13px"
-                                       border-bottom-right-radius: "13px"
-                                       border-bottom-left-radius: "13px"
-                                       overflow-x: "hidden"
-                                       overflow-y: "hidden"
                                      }}
                                      ref={function useMotionRef.useCallback}
                                    >
                                  <motion.div animate={{scale:1,y:0}} transition={{type:"spring", ...}} ...>
                                    <div
                                      onClick={function onClick}
                                      style={{
+                                       width: 84
-                                       width: "80px"
+                                       height: 84
-                                       height: "80px"
+                                       transformOrigin: "right center"
+                                       flexShrink: 0
+                                       cursor: "pointer"
-                                       cursor: "pointer"
+                                       borderRadius: 14
+                                       overflow: "hidden"
-                                       transform-origin: "right center"
-                                       flex-shrink: "0"
-                                       border-top-left-radius: "13px"
-                                       border-top-right-radius: "13px"
-                                       border-bottom-right-radius: "13px"
-                                       border-bottom-left-radius: "13px"
-                                       overflow-x: "hidden"
-                                       overflow-y: "hidden"
                                      }}
                                      ref={function useMotionRef.useCallback}
                                    >
                                  <motion.div animate={{scale:1,y:0}} transition={{type:"spring", ...}} ...>
                                    <div
                                      onClick={function onClick}
                                      style={{
+                                       width: 84
-                                       width: "80px"
+                                       height: 84
-                                       height: "80px"
+                                       transformOrigin: "right center"
+                                       flexShrink: 0
+                                       cursor: "pointer"
-                                       cursor: "pointer"
+                                       borderRadius: 14
+                                       overflow: "hidden"
-                                       transform-origin: "right center"
-                                       flex-shrink: "0"
-                                       border-top-left-radius: "13px"
-                                       border-top-right-radius: "13px"
-                                       border-bottom-right-radius: "13px"
-                                       border-bottom-left-radius: "13px"
-                                       overflow-x: "hidden"
-                                       overflow-y: "hidden"
                                      }}
                                      ref={function useMotionRef.useCallback}
                                    >
                          ...
                        ...
                  ...
                ...
 @ http://localhost:3000/_next/static/chunks/node_modules_next_dist_f3530cac._.js:3127
